[1m[92m    Updating[0m crates.io index
[1m[92m     Locking[0m 327 packages to latest compatible versions
[1m[92m      Adding[0m generic-array v0.14.7 [1m[33m(available: v0.14.9)[0m
[1m[92m      Adding[0m matchit v0.8.4 [1m[33m(available: v0.8.6)[0m
[1m[92m Downloading[0m crates ...
[1m[92m  Downloaded[0m warnings v0.2.1
[1m[92m  Downloaded[0m crypto-common v0.1.7
[1m[92m  Downloaded[0m sync_wrapper v1.0.2
[1m[92m  Downloaded[0m wasm-bindgen-futures v0.4.78
[1m[92m  Downloaded[0m tower-layer v0.3.3
[1m[92m  Downloaded[0m yoke-derive v0.8.3
[1m[92m  Downloaded[0m async-stream-impl v0.3.6
[1m[92m  Downloaded[0m untrusted v0.9.0
[1m[92m  Downloaded[0m send_wrapper v0.6.0
[1m[92m  Downloaded[0m tower-service v0.3.3
[1m[92m  Downloaded[0m try-lock v0.2.5
[1m[92m  Downloaded[0m thiserror v2.0.21
[1m[92m  Downloaded[0m time-core v0.1.9
[1m[92m  Downloaded[0m unicode-xid v0.2.6
[1m[92m  Downloaded[0m version_check v0.9.5
[1m[92m  Downloaded[0m powerfmt v0.2.0
[1m[92m  Downloaded[0m proc-macro2-diagnostics v0.10.1
[1m[92m  Downloaded[0m rustc_version v0.4.1
[1m[92m  Downloaded[0m synstructure v0.14.0
[1m[92m  Downloaded[0m time-macros v0.2.32
[1m[92m  Downloaded[0m utf8_iter v1.0.4
[1m[92m  Downloaded[0m web-time v1.1.0
[1m[92m  Downloaded[0m content_disposition v0.4.0
[1m[92m  Downloaded[0m convert_case v0.10.0
[1m[92m  Downloaded[0m core_detect v1.0.0
[1m[92m  Downloaded[0m cpufeatures v0.3.1
[1m[92m  Downloaded[0m darling_macro v0.21.3
[1m[92m  Downloaded[0m async-stream v0.3.6
[1m[92m  Downloaded[0m atomic-waker v1.1.2
[1m[92m  Downloaded[0m cfg-if v1.0.5
[1m[92m  Downloaded[0m dioxus-html-internal-macro v0.7.10
[1m[92m  Downloaded[0m dioxus-stores-macro v0.7.10
[1m[92m  Downloaded[0m quinn-udp v0.5.15
[1m[92m  Downloaded[0m rand_core v0.10.1
[1m[92m  Downloaded[0m serde_urlencoded v0.7.1
[1m[92m  Downloaded[0m unicase v2.9.0
[1m[92m  Downloaded[0m percent-encoding v2.3.2
[1m[92m  Downloaded[0m rustc-hash v2.1.3
[1m[92m  Downloaded[0m utf-8 v0.7.6
[1m[92m  Downloaded[0m warnings-macro v0.2.0
[1m[92m  Downloaded[0m async-trait v0.1.92
[1m[92m  Downloaded[0m ciborium-io v0.2.2
[1m[92m  Downloaded[0m psl-types v2.0.11
[1m[92m  Downloaded[0m scopeguard v1.2.0
[1m[92m  Downloaded[0m writeable v0.6.4
[1m[92m  Downloaded[0m ciborium v0.2.2
[1m[92m  Downloaded[0m zerofrom v0.1.8
[1m[92m  Downloaded[0m zerofrom-derive v0.1.8
[1m[92m  Downloaded[0m charset v0.1.5
[1m[92m  Downloaded[0m wasm-bindgen-macro v0.2.128
[1m[92m  Downloaded[0m block-buffer v0.10.4
[1m[92m  Downloaded[0m cpufeatures v0.2.17
[1m[92m  Downloaded[0m cfg_aliases v0.2.2
[1m[92m  Downloaded[0m ciborium-ll v0.2.2
[1m[92m  Downloaded[0m fnv v1.0.7
[1m[92m  Downloaded[0m ident_case v1.0.1
[1m[92m  Downloaded[0m num-conv v0.2.2
[1m[92m  Downloaded[0m rustc-hash v1.1.0
[1m[92m  Downloaded[0m thiserror-impl v1.0.69
[1m[92m  Downloaded[0m tungstenite v0.27.0
[1m[92m  Downloaded[0m unicode-ident v1.0.26
[1m[92m  Downloaded[0m want v0.3.1
[1m[92m  Downloaded[0m wasm-bindgen-shared v0.2.128
[1m[92m  Downloaded[0m yoke v0.8.3
[1m[92m  Downloaded[0m zerovec-derive v0.11.6
[1m[92m  Downloaded[0m autocfg v1.5.1
[1m[92m  Downloaded[0m axum-core v0.5.6
[1m[92m  Downloaded[0m byteorder v1.5.0
[1m[92m  Downloaded[0m chacha20 v0.10.2
[1m[92m  Downloaded[0m const-str v0.7.1
[1m[92m  Downloaded[0m const_format_proc_macros v0.2.34
[1m[92m  Downloaded[0m convert_case v0.8.0
[1m[92m  Downloaded[0m cookie v0.18.2
[1m[92m  Downloaded[0m document-features v0.2.12
[1m[92m  Downloaded[0m form_urlencoded v1.2.2
[1m[92m  Downloaded[0m futures-core v0.3.34
[1m[92m  Downloaded[0m futures-task v0.3.34
[1m[92m  Downloaded[0m generational-box v0.7.10
[1m[92m  Downloaded[0m gloo-utils v0.2.0
[1m[92m  Downloaded[0m hyper-rustls v0.27.10
[1m[92m  Downloaded[0m inventory v0.3.24
[1m[92m  Downloaded[0m multer v3.1.0
[1m[92m  Downloaded[0m multiversion_no_op v1.0.0
[1m[92m  Downloaded[0m potential_utf v0.1.6
[1m[92m  Downloaded[0m ppv-lite86 v0.2.21
[1m[92m  Downloaded[0m quote v1.0.47
[1m[92m  Downloaded[0m rand_chacha v0.9.0
[1m[92m  Downloaded[0m rand_pcg v0.10.2
[1m[92m  Downloaded[0m rustls-pki-types v1.15.1
[1m[92m  Downloaded[0m sha1 v0.10.7
[1m[92m  Downloaded[0m sledgehammer_utils v0.3.1
[1m[92m  Downloaded[0m subtle v2.6.1
[1m[92m  Downloaded[0m thiserror v1.0.69
[1m[92m  Downloaded[0m thiserror-impl v2.0.21
[1m[92m  Downloaded[0m tinystr v0.8.4
[1m[92m  Downloaded[0m tokio-rustls v0.26.5
[1m[92m  Downloaded[0m tracing-attributes v0.1.31
[1m[92m  Downloaded[0m uuid v1.26.1
[1m[92m  Downloaded[0m wasm-streams v0.4.2
[1m[92m  Downloaded[0m xxhash-rust v0.8.18
[1m[92m  Downloaded[0m zeroize v1.9.0
[1m[92m  Downloaded[0m zerotrie v0.2.5
[1m[92m  Downloaded[0m zmij v1.0.23
[1m[92m  Downloaded[0m anyhow v1.0.104
[1m[92m  Downloaded[0m async-tungstenite v0.31.0
[1m[92m  Downloaded[0m base64 v0.23.1
[1m[92m  Downloaded[0m bitflags v2.13.2
[1m[92m  Downloaded[0m cfb v0.7.3
[1m[92m  Downloaded[0m cookie_store v0.22.1
[1m[92m  Downloaded[0m darling v0.21.3
[1m[92m  Downloaded[0m dioxus-asset-resolver v0.7.10
[1m[92m  Downloaded[0m dioxus-cli-config v0.7.10
[1m[92m  Downloaded[0m dioxus-config-macro v0.7.10
[1m[92m  Downloaded[0m dioxus-core-types v0.7.10
[1m[92m  Downloaded[0m dioxus-devtools v0.7.10
[1m[92m  Downloaded[0m dioxus-devtools-types v0.7.10
[1m[92m  Downloaded[0m dioxus-fullstack-macro v0.7.10
[1m[92m  Downloaded[0m dioxus-history v0.7.10
[1m[92m  Downloaded[0m enumset v1.1.14
[1m[92m  Downloaded[0m enumset_derive v0.15.0
[1m[92m  Downloaded[0m find-msvc-tools v0.1.13
[1m[92m  Downloaded[0m futures-channel v0.3.34
[1m[92m  Downloaded[0m futures-executor v0.3.34
[1m[92m  Downloaded[0m futures-macro v0.3.34
[1m[92m  Downloaded[0m generic-array v0.14.7
[1m[92m  Downloaded[0m icu_provider v2.3.1
[1m[92m  Downloaded[0m idna_adapter v1.2.2
[1m[92m  Downloaded[0m ipnet v2.12.2
[1m[92m  Downloaded[0m itoa v1.0.18
[1m[92m  Downloaded[0m parking_lot v0.12.5
[1m[92m  Downloaded[0m pin-project-internal v1.1.13
[1m[92m  Downloaded[0m pin-project-lite v0.2.17
[1m[92m  Downloaded[0m rustversion v1.0.23
[1m[92m  Downloaded[0m ryu v1.0.23
[1m[92m  Downloaded[0m serde-wasm-bindgen v0.6.5
[1m[92m  Downloaded[0m shlex v2.0.1
[1m[92m  Downloaded[0m simdutf8 v0.1.5
[1m[92m  Downloaded[0m slab v0.4.12
[1m[92m  Downloaded[0m sledgehammer_bindgen v0.6.0
[1m[92m  Downloaded[0m sledgehammer_bindgen_macro v0.6.5
[1m[92m  Downloaded[0m stable_deref_trait v1.2.1
[1m[92m  Downloaded[0m subsecond v0.7.10
[1m[92m  Downloaded[0m subsecond-types v0.7.10
[1m[92m  Downloaded[0m tinyvec v1.13.3
[1m[92m  Downloaded[0m tower v0.5.3
[1m[92m  Downloaded[0m tracing-core v0.1.36
[1m[92m  Downloaded[0m tungstenite v0.28.0
[1m[92m  Downloaded[0m url v2.5.8
[1m[92m  Downloaded[0m wasm-bindgen v0.2.128
[1m[92m  Downloaded[0m base64 v0.22.1
[1m[92m  Downloaded[0m bumpalo v3.20.3
[1m[92m  Downloaded[0m bytes v1.12.1
[1m[92m  Downloaded[0m cc v1.4.7
[1m[92m  Downloaded[0m const_format v0.2.36
[1m[92m  Downloaded[0m data-encoding v2.11.1
[1m[92m  Downloaded[0m deranged v0.5.8
[1m[92m  Downloaded[0m dioxus-config-macros v0.7.10
[1m[92m  Downloaded[0m dioxus-core-macro v0.7.10
[1m[92m  Downloaded[0m dioxus-document v0.7.10
[1m[92m  Downloaded[0m dioxus-fullstack-core v0.7.10
[1m[92m  Downloaded[0m dioxus-stores v0.7.10
[1m[92m  Downloaded[0m futures-sink v0.3.34
[1m[92m  Downloaded[0m getrandom v0.2.17
[1m[92m  Downloaded[0m gloo-net v0.7.0
[1m[92m  Downloaded[0m gloo-utils v0.3.0
[1m[92m  Downloaded[0m headers-core v0.3.0
[1m[92m  Downloaded[0m http-body-util v0.1.5
[1m[92m  Downloaded[0m httpdate v1.0.3
[1m[92m  Downloaded[0m icu_normalizer_data v2.3.0
[1m[92m  Downloaded[0m libloading v0.8.9
[1m[92m  Downloaded[0m litemap v0.8.3
[1m[92m  Downloaded[0m litrs v1.0.0
[1m[92m  Downloaded[0m longest-increasing-subsequence v0.1.0
[1m[92m  Downloaded[0m lru-slab v0.1.3
[1m[92m  Downloaded[0m once_cell v1.21.4
[1m[92m  Downloaded[0m parking_lot_core v0.9.12
[1m[92m  Downloaded[0m pin-project v1.1.13
[1m[92m  Downloaded[0m proc-macro2 v1.0.107
[1m[92m  Downloaded[0m rand_core v0.9.5
[1m[92m  Downloaded[0m semver v1.0.28
[1m[92m  Downloaded[0m serde_path_to_error v0.1.20
[1m[92m  Downloaded[0m smallvec v1.16.1
[1m[92m  Downloaded[0m spin v0.9.9
[1m[92m  Downloaded[0m typenum v1.20.1
[1m[92m  Downloaded[0m unicode-segmentation v1.13.3
[1m[92m  Downloaded[0m wasm-bindgen-macro-support v0.2.128
[1m[92m  Downloaded[0m darling_core v0.21.3
[1m[92m  Downloaded[0m digest v0.10.7
[1m[92m  Downloaded[0m dioxus-interpreter-js v0.7.10
[1m[92m  Downloaded[0m dioxus-signals v0.7.10
[1m[92m  Downloaded[0m dioxus-web v0.7.10
[1m[92m  Downloaded[0m displaydoc v0.2.7
[1m[92m  Downloaded[0m euclid v0.22.14
[1m[92m  Downloaded[0m futures v0.3.34
[1m[92m  Downloaded[0m futures-io v0.3.34
[1m[92m  Downloaded[0m gloo-net v0.6.0
[1m[92m  Downloaded[0m half v2.7.1
[1m[92m  Downloaded[0m icu_locale_core v2.3.0
[1m[92m  Downloaded[0m icu_properties v2.3.0
[1m[92m  Downloaded[0m keyboard-types v0.7.0
[1m[92m  Downloaded[0m matchit v0.8.4
[1m[92m  Downloaded[0m num-traits v0.2.19
[1m[92m  Downloaded[0m serde_derive v1.0.229
[1m[92m  Downloaded[0m serde_qs v0.15.0
[1m[92m  Downloaded[0m slotmap v1.1.1
[1m[92m  Downloaded[0m tokio-util v0.7.19
[1m[92m  Downloaded[0m zerocopy-derive v0.8.58
[1m[92m  Downloaded[0m zerovec v0.11.8
[1m[92m  Downloaded[0m aho-corasick v1.1.5
[1m[92m  Downloaded[0m dioxus-hooks v0.7.10
[1m[92m  Downloaded[0m dioxus-html v0.7.10
[1m[92m  Downloaded[0m dioxus-rsx v0.7.10
[1m[92m  Downloaded[0m getrandom v0.3.4
[1m[92m  Downloaded[0m getrandom v0.4.3
[1m[92m  Downloaded[0m hyper-util v0.1.21
[1m[92m  Downloaded[0m js-sys v0.3.105
[1m[92m  Downloaded[0m log v0.4.34
[1m[92m  Downloaded[0m publicsuffix v2.3.0
[1m[92m  Downloaded[0m rustls-webpki v0.103.15
[1m[92m  Downloaded[0m serde v1.0.229
[1m[92m  Downloaded[0m serde_core v1.0.229
[1m[92m  Downloaded[0m socket2 v0.6.5
[1m[92m  Downloaded[0m tower-http v0.6.11
[1m[92m  Downloaded[0m derive_more v2.1.1
[1m[92m  Downloaded[0m dioxus v0.7.10
[1m[92m  Downloaded[0m dioxus-fullstack v0.7.10
[1m[92m  Downloaded[0m futures-util v0.3.34
[1m[92m  Downloaded[0m gloo-timers v0.4.0
[1m[92m  Downloaded[0m http-body v1.1.0
[1m[92m  Downloaded[0m httparse v1.10.1
[1m[92m  Downloaded[0m infer v0.19.0
[1m[92m  Downloaded[0m konst v0.2.20
[1m[92m  Downloaded[0m konst_macro_rules v0.2.19
[1m[92m  Downloaded[0m lazy-js-bundle v0.7.10
[1m[92m  Downloaded[0m lock_api v0.4.14
[1m[92m  Downloaded[0m mime v0.3.17
[1m[92m  Downloaded[0m quinn v0.11.12
[1m[92m  Downloaded[0m rand v0.9.5
[1m[92m  Downloaded[0m axum v0.8.9
[1m[92m  Downloaded[0m headers v0.4.2
[1m[92m  Downloaded[0m icu_properties_data v2.3.0
[1m[92m  Downloaded[0m rand v0.10.3
[1m[92m  Downloaded[0m webpki-roots v1.0.9
[1m[92m  Downloaded[0m derive_more-impl v2.1.1
[1m[92m  Downloaded[0m dioxus-core v0.7.10
[1m[92m  Downloaded[0m hyper v1.11.1
[1m[92m  Downloaded[0m icu_collections v2.3.0
[1m[92m  Downloaded[0m mime_guess v2.0.5
[1m[92m  Downloaded[0m reqwest v0.12.28
[1m[92m  Downloaded[0m time v0.3.55
[1m[92m  Downloaded[0m memmap2 v0.9.11
[1m[92m  Downloaded[0m regex v1.13.1
[1m[92m  Downloaded[0m idna v1.1.0
[1m[92m  Downloaded[0m serde_json v1.0.151
[1m[92m  Downloaded[0m http v1.5.0
[1m[92m  Downloaded[0m memchr v2.8.3
[1m[92m  Downloaded[0m syn v3.0.6
[1m[92m  Downloaded[0m zerocopy v0.8.58
[1m[92m  Downloaded[0m mio v1.2.3
[1m[92m  Downloaded[0m quinn-proto v0.11.18
[1m[92m  Downloaded[0m syn v2.0.119
[1m[92m  Downloaded[0m regex-syntax v0.8.11
[1m[92m  Downloaded[0m tracing v0.1.44
[1m[92m  Downloaded[0m rustls v0.23.45
[1m[92m  Downloaded[0m icu_normalizer v2.3.0
[1m[92m  Downloaded[0m encoding_rs v0.8.42
[1m[92m  Downloaded[0m regex-automata v0.4.18
[1m[92m  Downloaded[0m web-sys v0.3.105
[1m[92m  Downloaded[0m tokio v1.53.1
[1m[92m  Downloaded[0m libc v0.2.189
[1m[92m  Downloaded[0m ring v0.17.14
[1m[92m   Compiling[0m unicode-ident v1.0.26
[1m[92m   Compiling[0m proc-macro2 v1.0.107
[1m[92m   Compiling[0m quote v1.0.47
[1m[92m   Compiling[0m wasm-bindgen-shared v0.2.128
[1m[92m   Compiling[0m rustversion v1.0.23
[1m[92m    Checking[0m once_cell v1.21.4
[1m[92m    Checking[0m cfg-if v1.0.5
[1m[92m   Compiling[0m bumpalo v3.20.3
[1m[92m    Checking[0m memchr v2.8.3
[1m[92m   Compiling[0m wasm-bindgen v0.2.128
[1m[92m    Checking[0m pin-project-lite v0.2.17
[1m[92m    Checking[0m futures-core v0.3.34
[1m[92m    Checking[0m futures-io v0.3.34
[1m[92m    Checking[0m futures-task v0.3.34
[1m[92m    Checking[0m futures-sink v0.3.34
[1m[92m    Checking[0m slab v0.4.12
[1m[92m   Compiling[0m serde_core v1.0.229
[1m[92m   Compiling[0m serde v1.0.229
[1m[92m   Compiling[0m syn v3.0.6
[1m[92m   Compiling[0m syn v2.0.119
[1m[92m   Compiling[0m version_check v0.9.5
[1m[92m   Compiling[0m thiserror v2.0.21
[1m[92m   Compiling[0m parking_lot_core v0.9.12
[1m[92m    Checking[0m tracing-core v0.1.36
[1m[92m    Checking[0m scopeguard v1.2.0
[1m[92m    Checking[0m smallvec v1.16.1
[1m[92m    Checking[0m lock_api v0.4.14
[1m[92m   Compiling[0m slotmap v1.1.1
[1m[92m    Checking[0m konst_macro_rules v0.2.19
[1m[92m   Compiling[0m anyhow v1.0.104
[1m[92m   Compiling[0m unicode-xid v0.2.6
[1m[92m   Compiling[0m const_format_proc_macros v0.2.34
[1m[92m    Checking[0m konst v0.2.20
[1m[92m    Checking[0m parking_lot v0.12.5
[1m[92m    Checking[0m futures-channel v0.3.34
[1m[92m    Checking[0m rustc-hash v2.1.3
[1m[92m    Checking[0m const_format v0.2.36
[1m[92m    Checking[0m dioxus-core-types v0.7.10
[1m[92m    Checking[0m longest-increasing-subsequence v0.1.0
[1m[92m   Compiling[0m lazy-js-bundle v0.7.10
[1m[92m   Compiling[0m ident_case v1.0.1
[1m[92m   Compiling[0m zmij v1.0.23
[1m[92m   Compiling[0m unicode-segmentation v1.13.3
[1m[92m   Compiling[0m fnv v1.0.7
[1m[92m   Compiling[0m wasm-bindgen-macro-support v0.2.128
[1m[92m   Compiling[0m convert_case v0.8.0
[1m[92m   Compiling[0m darling_core v0.21.3
[1m[92m   Compiling[0m futures-macro v0.3.34
[1m[92m   Compiling[0m serde_derive v1.0.229
[1m[92m    Checking[0m futures-util v0.3.34
[1m[92m   Compiling[0m tracing-attributes v0.1.31
[1m[92m   Compiling[0m thiserror-impl v2.0.21
[1m[92m    Checking[0m tracing v0.1.44
[1m[92m    Checking[0m generational-box v0.7.10
[1m[92m   Compiling[0m pin-project-internal v1.1.13
[1m[92m   Compiling[0m wasm-bindgen-macro v0.2.128
[1m[92m    Checking[0m subsecond-types v0.7.10
[1m[92m   Compiling[0m warnings-macro v0.2.0
[1m[92m    Checking[0m pin-project v1.1.13
[1m[92m    Checking[0m warnings v0.2.1
[1m[92m   Compiling[0m proc-macro2-diagnostics v0.10.1
[1m[92m    Checking[0m itoa v1.0.18
[1m[92m   Compiling[0m serde_json v1.0.151
[1m[92m   Compiling[0m autocfg v1.5.1
[1m[92m   Compiling[0m darling_macro v0.21.3
[1m[92m   Compiling[0m darling v0.21.3
[1m[92m   Compiling[0m num-traits v0.2.19
[1m[92m    Checking[0m bytes v1.12.1
[1m[92m    Checking[0m js-sys v0.3.105
[1m[92m   Compiling[0m dioxus-rsx v0.7.10
[1m[92m   Compiling[0m enumset_derive v0.15.0
[1m[92m    Checking[0m bitflags v2.13.2
[1m[92m    Checking[0m keyboard-types v0.7.0
[1m[92m    Checking[0m euclid v0.22.14
[1m[92m    Checking[0m enumset v1.1.14
[1m[92m   Compiling[0m dioxus-html-internal-macro v0.7.10
[1m[92m   Compiling[0m dioxus-core-macro v0.7.10
[1m[92m   Compiling[0m sledgehammer_bindgen_macro v0.6.5
[1m[92m   Compiling[0m async-trait v0.1.92
[1m[92m   Compiling[0m dioxus-interpreter-js v0.7.10
[1m[92m   Compiling[0m dioxus-document v0.7.10
[1m[92m    Checking[0m rustc-hash v1.1.0
[1m[92m    Checking[0m sledgehammer_utils v0.3.1
[1m[92m    Checking[0m dioxus-cli-config v0.7.10
[1m[92m   Compiling[0m dioxus-web v0.7.10
[1m[92m    Checking[0m aho-corasick v1.1.5
[1m[92m    Checking[0m sledgehammer_bindgen v0.6.0
[1m[92m    Checking[0m regex-syntax v0.8.11
[1m[92m   Compiling[0m dioxus-stores-macro v0.7.10
[1m[92m    Checking[0m send_wrapper v0.6.0
[1m[92m    Checking[0m http v1.5.0
[1m[92m   Compiling[0m dioxus-config-macro v0.7.10
[1m[92m    Checking[0m dioxus-config-macros v0.7.10
[1m[92m    Checking[0m regex-automata v0.4.18
[1m[92m    Checking[0m regex v1.13.1
[1m[92m    Checking[0m web-sys v0.3.105
[1m[92m    Checking[0m wasm-bindgen-futures v0.4.78
[1m[92m    Checking[0m serde-wasm-bindgen v0.6.5
[1m[92m    Checking[0m gloo-timers v0.4.0
[1m[92m    Checking[0m polling-core v0.1.0 (/home/runner/work/pesquisas-eleitorais-br/pesquisas-eleitorais-br/rust/polling-core)
[1m[92m    Checking[0m subsecond v0.7.10
[1m[92m    Checking[0m wasm-streams v0.4.2
[1m[92m    Checking[0m gloo-utils v0.3.0
[1m[92m    Checking[0m gloo-net v0.7.0
[1m[92m    Checking[0m dioxus-core v0.7.10
[1m[92m    Checking[0m dioxus-signals v0.7.10
[1m[92m    Checking[0m dioxus-devtools-types v0.7.10
[1m[92m    Checking[0m dioxus-history v0.7.10
[1m[92m    Checking[0m dioxus-hooks v0.7.10
[1m[92m    Checking[0m dioxus-devtools v0.7.10
[1m[92m    Checking[0m dioxus-stores v0.7.10
[1m[92m    Checking[0m dioxus-html v0.7.10
[1m[92m    Checking[0m dioxus v0.7.10
[1m[92m    Checking[0m pebr-web-ui v0.1.0 (/home/runner/work/pesquisas-eleitorais-br/pesquisas-eleitorais-br/rust/web-ui)
[1m[91merror[0m[1m: variable does not need to be mutable[0m
  [1m[94m--> [0msrc/app.rs:34:9
   [1m[94m|[0m
[1m[94m34[0m [1m[94m|[0m     let mut refresh_tick = use_signal(|| 0_u64);
   [1m[94m|[0m         [1m[94m----[0m[1m[91m^^^^^^^^^^^^[0m
   [1m[94m|[0m         [1m[94m|[0m
   [1m[94m|[0m         [1m[94mhelp: remove this `mut`[0m
   [1m[94m|[0m
   [1m[94m= [0m[1mnote[0m: `-D unused-mut` implied by `-D warnings`
   [1m[94m= [0m[1mhelp[0m: to override `-D warnings` add `#[allow(unused_mut)]`

[1m[91merror[0m: could not compile `pebr-web-ui` (bin "pebr-web-ui") due to 1 previous error
